Archive member included because of file (symbol)

c:/program files (x86)/arm-none-eabi-gcc-4_6/bin/../lib/gcc/arm-none-eabi/4.6.2/../../../../arm-none-eabi/lib/armv7-m\libm.a(lib_a-s_cos.o)
                              ..\obj\main.o (cos)
c:/program files (x86)/arm-none-eabi-gcc-4_6/bin/../lib/gcc/arm-none-eabi/4.6.2/../../../../arm-none-eabi/lib/armv7-m\libm.a(lib_a-s_sin.o)
                              ..\obj\main.o (sin)
c:/program files (x86)/arm-none-eabi-gcc-4_6/bin/../lib/gcc/arm-none-eabi/4.6.2/../../../../arm-none-eabi/lib/armv7-m\libm.a(lib_a-e_rem_pio2.o)
                              c:/program files (x86)/arm-none-eabi-gcc-4_6/bin/../lib/gcc/arm-none-eabi/4.6.2/../../../../arm-none-eabi/lib/armv7-m\libm.a(lib_a-s_cos.o) (__ieee754_rem_pio2)
c:/program files (x86)/arm-none-eabi-gcc-4_6/bin/../lib/gcc/arm-none-eabi/4.6.2/../../../../arm-none-eabi/lib/armv7-m\libm.a(lib_a-k_cos.o)
                              c:/program files (x86)/arm-none-eabi-gcc-4_6/bin/../lib/gcc/arm-none-eabi/4.6.2/../../../../arm-none-eabi/lib/armv7-m\libm.a(lib_a-s_cos.o) (__kernel_cos)
c:/program files (x86)/arm-none-eabi-gcc-4_6/bin/../lib/gcc/arm-none-eabi/4.6.2/../../../../arm-none-eabi/lib/armv7-m\libm.a(lib_a-k_rem_pio2.o)
                              c:/program files (x86)/arm-none-eabi-gcc-4_6/bin/../lib/gcc/arm-none-eabi/4.6.2/../../../../arm-none-eabi/lib/armv7-m\libm.a(lib_a-e_rem_pio2.o) (__kernel_rem_pio2)
c:/program files (x86)/arm-none-eabi-gcc-4_6/bin/../lib/gcc/arm-none-eabi/4.6.2/../../../../arm-none-eabi/lib/armv7-m\libm.a(lib_a-k_sin.o)
                              c:/program files (x86)/arm-none-eabi-gcc-4_6/bin/../lib/gcc/arm-none-eabi/4.6.2/../../../../arm-none-eabi/lib/armv7-m\libm.a(lib_a-s_cos.o) (__kernel_sin)
c:/program files (x86)/arm-none-eabi-gcc-4_6/bin/../lib/gcc/arm-none-eabi/4.6.2/../../../../arm-none-eabi/lib/armv7-m\libm.a(lib_a-s_fabs.o)
                              c:/program files (x86)/arm-none-eabi-gcc-4_6/bin/../lib/gcc/arm-none-eabi/4.6.2/../../../../arm-none-eabi/lib/armv7-m\libm.a(lib_a-e_rem_pio2.o) (fabs)
c:/program files (x86)/arm-none-eabi-gcc-4_6/bin/../lib/gcc/arm-none-eabi/4.6.2/../../../../arm-none-eabi/lib/armv7-m\libm.a(lib_a-s_floor.o)
                              c:/program files (x86)/arm-none-eabi-gcc-4_6/bin/../lib/gcc/arm-none-eabi/4.6.2/../../../../arm-none-eabi/lib/armv7-m\libm.a(lib_a-k_rem_pio2.o) (floor)
c:/program files (x86)/arm-none-eabi-gcc-4_6/bin/../lib/gcc/arm-none-eabi/4.6.2/../../../../arm-none-eabi/lib/armv7-m\libm.a(lib_a-s_scalbn.o)
                              c:/program files (x86)/arm-none-eabi-gcc-4_6/bin/../lib/gcc/arm-none-eabi/4.6.2/../../../../arm-none-eabi/lib/armv7-m\libm.a(lib_a-k_rem_pio2.o) (scalbn)
c:/program files (x86)/arm-none-eabi-gcc-4_6/bin/../lib/gcc/arm-none-eabi/4.6.2/../../../../arm-none-eabi/lib/armv7-m\libm.a(lib_a-s_copysign.o)
                              c:/program files (x86)/arm-none-eabi-gcc-4_6/bin/../lib/gcc/arm-none-eabi/4.6.2/../../../../arm-none-eabi/lib/armv7-m\libm.a(lib_a-s_scalbn.o) (copysign)
c:/program files (x86)/arm-none-eabi-gcc-4_6/bin/../lib/gcc/arm-none-eabi/4.6.2/armv7-m\libgcc.a(_arm_addsubdf3.o)
                              ..\obj\main.o (__aeabi_dsub)
c:/program files (x86)/arm-none-eabi-gcc-4_6/bin/../lib/gcc/arm-none-eabi/4.6.2/armv7-m\libgcc.a(_arm_muldivdf3.o)
                              ..\obj\main.o (__aeabi_dmul)
c:/program files (x86)/arm-none-eabi-gcc-4_6/bin/../lib/gcc/arm-none-eabi/4.6.2/armv7-m\libgcc.a(_arm_cmpdf2.o)
                              c:/program files (x86)/arm-none-eabi-gcc-4_6/bin/../lib/gcc/arm-none-eabi/4.6.2/../../../../arm-none-eabi/lib/armv7-m\libm.a(lib_a-e_rem_pio2.o) (__aeabi_dcmpeq)
c:/program files (x86)/arm-none-eabi-gcc-4_6/bin/../lib/gcc/arm-none-eabi/4.6.2/armv7-m\libgcc.a(_arm_fixdfsi.o)
                              ..\obj\main.o (__aeabi_d2iz)
c:/program files (x86)/arm-none-eabi-gcc-4_6/bin/../lib/gcc/arm-none-eabi/4.6.2/armv7-m\libgcc.a(_arm_truncdfsf2.o)
                              ..\obj\main.o (__aeabi_d2f)
c:/program files (x86)/arm-none-eabi-gcc-4_6/bin/../lib/gcc/arm-none-eabi/4.6.2/armv7-m\libgcc.a(_arm_addsubsf3.o)
                              ..\obj\main.o (__aeabi_fsub)
c:/program files (x86)/arm-none-eabi-gcc-4_6/bin/../lib/gcc/arm-none-eabi/4.6.2/armv7-m\libgcc.a(_arm_muldivsf3.o)
                              ..\obj\delay.o (__aeabi_fmul)
c:/program files (x86)/arm-none-eabi-gcc-4_6/bin/../lib/gcc/arm-none-eabi/4.6.2/armv7-m\libgcc.a(_arm_cmpsf2.o)
                              ..\obj\main.o (__aeabi_fcmplt)
c:/program files (x86)/arm-none-eabi-gcc-4_6/bin/../lib/gcc/arm-none-eabi/4.6.2/armv7-m\libgcc.a(_arm_fixsfsi.o)
                              ..\obj\main.o (__aeabi_f2iz)
c:/program files (x86)/arm-none-eabi-gcc-4_6/bin/../lib/gcc/arm-none-eabi/4.6.2/armv7-m\libgcc.a(_arm_fixunssfsi.o)
                              ..\obj\delay.o (__aeabi_f2uiz)
[...]
Memory Configuration

Name             Origin             Length             Attributes
rom              0x08000000         0x00010000         xr
ram              0x20000000         0x00005000         xrw
*default*        0x00000000         0xffffffff

Linker script and memory map

                0x20005000                _eram = 0x20005000

.text           0x08000000     0x8650
 *(.isr_vector)
 .isr_vector    0x08000000      0x10c ..\obj\startup_stm32f10x_md.o
                0x08000000                g_pfnVectors
 *(.text*)
 .text.delay_ms
                0x0800010c       0x48 ..\obj\delay.o
                0x0800010c                delay_ms
 .text.SystemInit
                0x08000154       0xac ..\obj\system_stm32f10x.o
                0x08000154                SystemInit
 .text.SetSysClock
                0x08000200        0xc ..\obj\system_stm32f10x.o
 .text.SetSysClockTo72
                0x0800020c      0x1ac ..\obj\system_stm32f10x.o
 .text.Default_Reset_Handler
                0x080003b8       0x6c ..\obj\startup_stm32f10x_md.o
                0x080003b8                Default_Reset_Handler
                0x080003b8                Reset_Handler
 .text.Default_Handler
                0x08000424        0x8 ..\obj\startup_stm32f10x_md.o
                0x08000424                EXTI2_IRQHandler
                0x08000424                DebugMon_Handler
                0x08000424                TIM1_CC_IRQHandler
                0x08000424                HardFault_Handler
                0x08000424                SysTick_Handler
                0x08000424                PVD_IRQHandler
                0x08000424                PendSV_Handler
                0x08000424                NMI_Handler
                0x08000424                EXTI3_IRQHandler
                0x08000424                EXTI0_IRQHandler
                0x08000424                I2C2_EV_IRQHandler
                0x08000424                UsageFault_Handler
                0x08000424                ADC1_2_IRQHandler
                0x08000424                SPI1_IRQHandler
                0x08000424                TAMPER_IRQHandler
                0x08000424                DMA1_Channel4_IRQHandler
                0x08000424                RTC_IRQHandler
                0x08000424                DMA1_Channel7_IRQHandler
                0x08000424                CAN1_RX1_IRQHandler
                0x08000424                TIM4_IRQHandler
                0x08000424                I2C1_EV_IRQHandler
                0x08000424                DMA1_Channel6_IRQHandler
                0x08000424                TIM3_IRQHandler
                0x08000424                RCC_IRQHandler
                0x08000424                TIM1_TRG_COM_IRQHandler
                0x08000424                DMA1_Channel1_IRQHandler
                0x08000424                SPI2_IRQHandler
                0x08000424                MemManage_Handler
                0x08000424                SVC_Handler
                0x08000424                DMA1_Channel5_IRQHandler
                0x08000424                EXTI4_IRQHandler
                0x08000424                USB_LP_CAN1_RX0_IRQHandler
                0x08000424                USB_HP_CAN1_TX_IRQHandler
                0x08000424                DMA1_Channel3_IRQHandler
                0x08000424                TIM1_UP_IRQHandler
                0x08000424                WWDG_IRQHandler
                0x08000424                TIM2_IRQHandler
                0x08000424                TIM1_BRK_IRQHandler
                0x08000424                EXTI1_IRQHandler
                0x08000424                RTCAlarm_IRQHandler
                0x08000424                USART2_IRQHandler
                0x08000424                I2C2_ER_IRQHandler
                0x08000424                DMA1_Channel2_IRQHandler
                0x08000424                CAN1_SCE_IRQHandler
                0x08000424                FLASH_IRQHandler
                0x08000424                BusFault_Handler
                0x08000424                I2C1_ER_IRQHandler
                0x08000424                USBWakeUp_IRQHandler
 .text.GPIO_Init
                0x0800042c      0x1b0 ..\obj\stm32f10x_gpio.o
                0x0800042c                GPIO_Init
 .text.GPIO_ReadInputDataBit
                0x080005dc       0x3c ..\obj\stm32f10x_gpio.o
                0x080005dc                GPIO_ReadInputDataBit
 .text.USART_MASTER
                0x08000618       0xe4 ..\obj\main.o
                0x08000618                USART_MASTER
 .text.USART3_IRQHandler
                0x080006fc       0xac ..\obj\main.o
                0x080006fc                USART3_IRQHandler
 .text.USART_TO_MASTER
                0x080007a8       0x4c ..\obj\main.o
                0x080007a8                USART_TO_MASTER
 .text.USART_ARDUINO
                0x080007f4       0xd8 ..\obj\main.o
                0x080007f4                USART_ARDUINO
 .text.USART1_IRQHandler
                0x080008cc       0xac ..\obj\main.o
                0x080008cc                USART1_IRQHandler
 .text.USART_TO_ARDUINO
                0x08000978       0x4c ..\obj\main.o
                0x08000978                USART_TO_ARDUINO
 .text.ENCODER  0x080009c4       0xd0 ..\obj\main.o
                0x080009c4                ENCODER
 .text.EXTI9_5_IRQHandler
                0x08000a94       0xd8 ..\obj\main.o
                0x08000a94                EXTI9_5_IRQHandler
 .text.EXTI15_10_IRQHandler
                0x08000b6c       0xd8 ..\obj\main.o
                0x08000b6c                EXTI15_10_IRQHandler
 .text.BUTTON   0x08000c44       0x70 ..\obj\main.o
                0x08000c44                BUTTON
 *fill*         0x08000cb4        0x4 00
 .text.main     0x08000cb8     0x1320 ..\obj\main.o
                0x08000cb8                main
 .text.PutChar  0x08001fd8       0x24 ..\obj\printf.o
                0x08001fd8                PutChar
 .text.PutString
                0x08001ffc       0x48 ..\obj\printf.o
                0x08001ffc                PutString
 .text.PutUnsignedInt
                0x08002044       0xbc ..\obj\printf.o
                0x08002044                PutUnsignedInt
 .text.PutSignedInt
                0x08002100      0x130 ..\obj\printf.o
                0x08002100                PutSignedInt
 .text.PutHexa  0x08002230       0xe8 ..\obj\printf.o
                0x08002230                PutHexa
 .text.vsnprintf
                0x08002318      0x2b0 ..\obj\printf.o
                0x08002318                vsnprintf
 .text.vsprintf
                0x080025c8       0x28 ..\obj\printf.o
                0x080025c8                vsprintf
 .text.sprintf  0x080025f0       0x30 ..\obj\printf.o
                0x080025f0                sprintf
 .text.RCC_GetClocksFreq
                0x08002620      0x1d4 ..\obj\stm32f10x_rcc.o
                0x08002620                RCC_GetClocksFreq
 .text.RCC_APB2PeriphClockCmd
                0x080027f4       0x58 ..\obj\stm32f10x_rcc.o
                0x080027f4                RCC_APB2PeriphClockCmd
 .text.RCC_APB1PeriphClockCmd
                0x0800284c       0x58 ..\obj\stm32f10x_rcc.o
                0x0800284c                RCC_APB1PeriphClockCmd
 .text.EXTI_Init
                0x080028a4      0x144 ..\obj\stm32f10x_exti.o
                0x080028a4                EXTI_Init
 .text.EXTI_GetITStatus
                0x080029e8       0x5c ..\obj\stm32f10x_exti.o
                0x080029e8                EXTI_GetITStatus
 .text.EXTI_ClearITPendingBit
                0x08002a44       0x20 ..\obj\stm32f10x_exti.o
                0x08002a44                EXTI_ClearITPendingBit
 .text.USART_Init
                0x08002a64      0x1ac ..\obj\stm32f10x_usart.o
                0x08002a64                USART_Init
 .text.USART_Cmd
                0x08002c10       0x40 ..\obj\stm32f10x_usart.o
                0x08002c10                USART_Cmd
 .text.USART_ITConfig
                0x08002c50       0xa4 ..\obj\stm32f10x_usart.o
                0x08002c50                USART_ITConfig
 .text.USART_SendData
                0x08002cf4       0x28 ..\obj\stm32f10x_usart.o
                0x08002cf4                USART_SendData
 .text.USART_GetFlagStatus
                0x08002d1c       0x40 ..\obj\stm32f10x_usart.o
                0x08002d1c                USART_GetFlagStatus
 .text.USART_GetITStatus
                0x08002d5c       0xc4 ..\obj\stm32f10x_usart.o
                0x08002d5c                USART_GetITStatus
 .text.USART_ClearITPendingBit
                0x08002e20       0x44 ..\obj\stm32f10x_usart.o
                0x08002e20                USART_ClearITPendingBit
 .text._sbrk    0x08002e64       0x5c ..\obj\syscalls.o
                0x08002e64                _sbrk
 .text.NVIC_Init
                0x08002ec0       0xe8 ..\obj\misc.o
                0x08002ec0                NVIC_Init
 .text          0x08002fa8       0x78 c:/program files (x86)/arm-none-eabi-gcc-4_6/bin/../lib/gcc/arm-none-eabi/4.6.2/../../../../arm-none-eabi/lib/armv7-m\libm.a(lib_a-s_cos.o)
                0x08002fa8                cos
 .text          0x08003020       0x98 c:/program files (x86)/arm-none-eabi-gcc-4_6/bin/../lib/gcc/arm-none-eabi/4.6.2/../../../../arm-none-eabi/lib/armv7-m\libm.a(lib_a-s_sin.o)
                0x08003020                sin
 .text          0x080030b8      0x448 c:/program files (x86)/arm-none-eabi-gcc-4_6/bin/../lib/gcc/arm-none-eabi/4.6.2/../../../../arm-none-eabi/lib/armv7-m\libm.a(lib_a-e_rem_pio2.o)
                0x080030b8                __ieee754_rem_pio2
 .text          0x08003500      0x250 c:/program files (x86)/arm-none-eabi-gcc-4_6/bin/../lib/gcc/arm-none-eabi/4.6.2/../../../../arm-none-eabi/lib/armv7-m\libm.a(lib_a-k_cos.o)
                0x08003500                __kernel_cos
 .text          0x08003750      0x80c c:/program files (x86)/arm-none-eabi-gcc-4_6/bin/../lib/gcc/arm-none-eabi/4.6.2/../../../../arm-none-eabi/lib/armv7-m\libm.a(lib_a-k_rem_pio2.o)
                0x08003750                __kernel_rem_pio2
 *fill*         0x08003f5c        0x4 00
 .text          0x08003f60      0x170 c:/program files (x86)/arm-none-eabi-gcc-4_6/bin/../lib/gcc/arm-none-eabi/4.6.2/../../../../arm-none-eabi/lib/armv7-m\libm.a(lib_a-k_sin.o)
                0x08003f60                __kernel_sin
 .text          0x080040d0        0x8 c:/program files (x86)/arm-none-eabi-gcc-4_6/bin/../lib/gcc/arm-none-eabi/4.6.2/../../../../arm-none-eabi/lib/armv7-m\libm.a(lib_a-s_fabs.o)
                0x080040d0                fabs
 .text          0x080040d8      0x130 c:/program files (x86)/arm-none-eabi-gcc-4_6/bin/../lib/gcc/arm-none-eabi/4.6.2/../../../../arm-none-eabi/lib/armv7-m\libm.a(lib_a-s_floor.o)
                0x080040d8                floor
 .text          0x08004208       0xf8 c:/program files (x86)/arm-none-eabi-gcc-4_6/bin/../lib/gcc/arm-none-eabi/4.6.2/../../../../arm-none-eabi/lib/armv7-m\libm.a(lib_a-s_scalbn.o)
                0x08004208                scalbn
 .text          0x08004300       0x18 c:/program files (x86)/arm-none-eabi-gcc-4_6/bin/../lib/gcc/arm-none-eabi/4.6.2/../../../../arm-none-eabi/lib/armv7-m\libm.a(lib_a-s_copysign.o)
                0x08004300                copysign
 .text          0x08004318      0x370 c:/program files (x86)/arm-none-eabi-gcc-4_6/bin/../lib/gcc/arm-none-eabi/4.6.2/armv7-m\libgcc.a(_arm_addsubdf3.o)
                0x08004318                __aeabi_drsub
                0x08004320                __aeabi_dsub
                0x08004320                __subdf3
                0x08004324                __aeabi_dadd
                0x08004324                __adddf3
                0x0800459c                __floatunsidf
                0x0800459c                __aeabi_ui2d
                0x080045bc                __floatsidf
                0x080045bc                __aeabi_i2d
                0x080045e0                __aeabi_f2d
                0x080045e0                __extendsfdf2
                0x0800461c                __floatundidf
                0x0800461c                __aeabi_ul2d
                0x0800462c                __floatdidf
                0x0800462c                __aeabi_l2d
 .text          0x08004688      0x424 c:/program files (x86)/arm-none-eabi-gcc-4_6/bin/../lib/gcc/arm-none-eabi/4.6.2/armv7-m\libgcc.a(_arm_muldivdf3.o)
                0x08004688                __aeabi_dmul
                0x08004688                __muldf3
                0x080048dc                __divdf3
                0x080048dc                __aeabi_ddiv
 .text          0x08004aac      0x110 c:/program files (x86)/arm-none-eabi-gcc-4_6/bin/../lib/gcc/arm-none-eabi/4.6.2/armv7-m\libgcc.a(_arm_cmpdf2.o)
                0x08004aac                __gtdf2
                0x08004aac                __gedf2
                0x08004ab4                __ltdf2
                0x08004ab4                __ledf2
                0x08004abc                __nedf2
                0x08004abc                __eqdf2
                0x08004abc                __cmpdf2
                0x08004b38                __aeabi_cdrcmple
                0x08004b48                __aeabi_cdcmpeq
                0x08004b48                __aeabi_cdcmple
                0x08004b58                __aeabi_dcmpeq
                0x08004b6c                __aeabi_dcmplt
                0x08004b80                __aeabi_dcmple
                0x08004b94                __aeabi_dcmpge
                0x08004ba8                __aeabi_dcmpgt
 .text          0x08004bbc       0x50 c:/program files (x86)/arm-none-eabi-gcc-4_6/bin/../lib/gcc/arm-none-eabi/4.6.2/armv7-m\libgcc.a(_arm_fixdfsi.o)
                0x08004bbc                __aeabi_d2iz
                0x08004bbc                __fixdfsi
 .text          0x08004c0c       0xa0 c:/program files (x86)/arm-none-eabi-gcc-4_6/bin/../lib/gcc/arm-none-eabi/4.6.2/armv7-m\libgcc.a(_arm_truncdfsf2.o)
                0x08004c0c                __truncdfsf2
                0x08004c0c                __aeabi_d2f
 .text          0x08004cac      0x21c c:/program files (x86)/arm-none-eabi-gcc-4_6/bin/../lib/gcc/arm-none-eabi/4.6.2/armv7-m\libgcc.a(_arm_addsubsf3.o)
                0x08004cac                __aeabi_frsub
                0x08004cb4                __subsf3
                0x08004cb4                __aeabi_fsub
                0x08004cb8                __aeabi_fadd
                0x08004cb8                __addsf3
                0x08004e18                __aeabi_ui2f
                0x08004e18                __floatunsisf
                0x08004e20                __aeabi_i2f
                0x08004e20                __floatsisf
                0x08004e3c                __aeabi_ul2f
                0x08004e3c                __floatundisf
                0x08004e4c                __aeabi_l2f
                0x08004e4c                __floatdisf
 .text          0x08004ec8      0x2a0 c:/program files (x86)/arm-none-eabi-gcc-4_6/bin/../lib/gcc/arm-none-eabi/4.6.2/armv7-m\libgcc.a(_arm_muldivsf3.o)
                0x08004ec8                __mulsf3
                0x08004ec8                __aeabi_fmul
                0x08005030                __aeabi_fdiv
                0x08005030                __divsf3
 .text          0x08005168       0xec c:/program files (x86)/arm-none-eabi-gcc-4_6/bin/../lib/gcc/arm-none-eabi/4.6.2/armv7-m\libgcc.a(_arm_cmpsf2.o)
                0x08005168                __gesf2
                0x08005168                __gtsf2
                0x08005170                __lesf2
                0x08005170                __ltsf2
                0x08005178                __nesf2
                0x08005178                __eqsf2
                0x08005178                __cmpsf2
                0x080051d8                __aeabi_cfrcmple
                0x080051e0                __aeabi_cfcmpeq
                0x080051e0                __aeabi_cfcmple
                0x080051f0                __aeabi_fcmpeq
                0x08005204                __aeabi_fcmplt
                0x08005218                __aeabi_fcmple
                0x0800522c                __aeabi_fcmpge
                0x08005240                __aeabi_fcmpgt
 .text          0x08005254       0x4c c:/program files (x86)/arm-none-eabi-gcc-4_6/bin/../lib/gcc/arm-none-eabi/4.6.2/armv7-m\libgcc.a(_arm_fixsfsi.o)
                0x08005254                __aeabi_f2iz
                0x08005254                __fixsfsi
 .text          0x080052a0        0x8 c:/program files (x86)/arm-none-eabi-gcc-4_6/bin/../lib/gcc/arm-none-eabi/4.6.2/../../../../arm-none-eabi/lib/armv7-m\libg.a(lib_a-atof.o)
                0x080052a0                atof
 .text          0x080052a8       0x10 c:/program files (x86)/arm-none-eabi-gcc-4_6/bin/../lib/gcc/arm-none-eabi/4.6.2/../../../../arm-none-eabi/lib/armv7-m\libg.a(lib_a-atoi.o)
                0x080052a8                atoi
                0x080052b0                _atoi_r
 .text          0x080052b8       0xbc c:/program files (x86)/arm-none-eabi-gcc-4_6/bin/../lib/gcc/arm-none-eabi/4.6.2/../../../../arm-none-eabi/lib/armv7-m\libg.a(lib_a-strcpy.o)
                0x080052b8                strcpy
 *fill*         0x08005374        0x4 00
 .text          0x08005378      0xeb0 c:/program files (x86)/arm-none-eabi-gcc-4_6/bin/../lib/gcc/arm-none-eabi/4.6.2/../../../../arm-none-eabi/lib/armv7-m\libg.a(lib_a-strtod.o)
                0x080053a8                _strtod_r
                0x080061e0                strtod
                0x080061f4                strtof
 .text          0x08006228       0x14 c:/program files (x86)/arm-none-eabi-gcc-4_6/bin/../lib/gcc/arm-none-eabi/4.6.2/../../../../arm-none-eabi/lib/armv7-m\libg.a(lib_a-strtok.o)
                0x08006228                strtok
 .text          0x0800623c       0x64 c:/program files (x86)/arm-none-eabi-gcc-4_6/bin/../lib/gcc/arm-none-eabi/4.6.2/../../../../arm-none-eabi/lib/armv7-m\libg.a(lib_a-strtok_r.o)
                0x0800623c                __strtok_r
                0x0800629c                strtok_r
 .text          0x080062a0      0x13c c:/program files (x86)/arm-none-eabi-gcc-4_6/bin/../lib/gcc/arm-none-eabi/4.6.2/../../../../arm-none-eabi/lib/armv7-m\libg.a(lib_a-strtol.o)
                0x080062a0                _strtol_r
                0x080063c0                strtol
 .text          0x080063dc      0x648 c:/program files (x86)/arm-none-eabi-gcc-4_6/bin/../lib/gcc/arm-none-eabi/4.6.2/../../../../arm-none-eabi/lib/armv7-m\libg.a(lib_a-gdtoa-gethex.o)
                0x08006480                __hexdig_init
                0x080064d0                __gethex
 .text          0x08006a24      0x1bc c:/program files (x86)/arm-none-eabi-gcc-4_6/bin/../lib/gcc/arm-none-eabi/4.6.2/../../../../arm-none-eabi/lib/armv7-m\libg.a(lib_a-gdtoa-hexnan.o)
                0x08006a24                __hexnan
 .text          0x08006be0       0x8c c:/program files (x86)/arm-none-eabi-gcc-4_6/bin/../lib/gcc/arm-none-eabi/4.6.2/../../../../arm-none-eabi/lib/armv7-m\libg.a(lib_a-locale.o)
                0x08006be0                _setlocale_r
                0x08006c24                __locale_charset
                0x08006c30                __locale_mb_cur_max
                0x08006c3c                __locale_msgcharset
                0x08006c44                __locale_cjk_lang
                0x08006c48                _localeconv_r
                0x08006c50                setlocale
                0x08006c64                localeconv
 .text          0x08006c6c       0x84 c:/program files (x86)/arm-none-eabi-gcc-4_6/bin/../lib/gcc/arm-none-eabi/4.6.2/../../../../arm-none-eabi/lib/armv7-m\libg.a(lib_a-memcpy.o)
                0x08006c6c                memcpy
 .text          0x08006cf0      0x8c4 c:/program files (x86)/arm-none-eabi-gcc-4_6/bin/../lib/gcc/arm-none-eabi/4.6.2/../../../../arm-none-eabi/lib/armv7-m\libg.a(lib_a-mprec.o)
                0x08006cf0                _Balloc
                0x08006d3c                _Bfree
                0x08006d50                __multadd
                0x08006dd4                __s2b
                0x08006e6c                __hi0bits
                0x08006ea8                __lo0bits
                0x08006f04                __i2b
                0x08006f18                __multiply
                0x0800705c                __pow5mult
                0x080070f4                __lshift
                0x080071b4                __mcmp
                0x080071f0                __mdiff
                0x080072c8                __ulp
                0x0800730c                __b2d
                0x080073bc                __d2b
                0x08007484                __ratio
                0x080074d8                _mprec_log10
                0x0800750c                __copybits
                0x08007554                __any_on
 .text          0x080075b4       0x68 c:/program files (x86)/arm-none-eabi-gcc-4_6/bin/../lib/gcc/arm-none-eabi/4.6.2/../../../../arm-none-eabi/lib/armv7-m\libg.a(lib_a-s_fpclassify.o)
                0x080075b4                __fpclassifyd
 .text          0x0800761c        0x8 c:/program files (x86)/arm-none-eabi-gcc-4_6/bin/../lib/gcc/arm-none-eabi/4.6.2/../../../../arm-none-eabi/lib/armv7-m\libg.a(lib_a-sf_nan.o)
                0x0800761c                nanf
 .text          0x08007624      0x1dc c:/program files (x86)/arm-none-eabi-gcc-4_6/bin/../lib/gcc/arm-none-eabi/4.6.2/../../../../arm-none-eabi/lib/armv7-m\libg.a(lib_a-strcmp.o)
                0x08007624                strcmp
 .text          0x08007800       0x60 c:/program files (x86)/arm-none-eabi-gcc-4_6/bin/../lib/gcc/arm-none-eabi/4.6.2/../../../../arm-none-eabi/lib/armv7-m\libg.a(lib_a-strlen.o)
                0x08007800                strlen
 .text          0x08007860       0xa4 c:/program files (x86)/arm-none-eabi-gcc-4_6/bin/../lib/gcc/arm-none-eabi/4.6.2/../../../../arm-none-eabi/lib/armv7-m\libg.a(lib_a-strncmp.o)
                0x08007860                strncmp
 .text          0x08007904       0x60 c:/program files (x86)/arm-none-eabi-gcc-4_6/bin/../lib/gcc/arm-none-eabi/4.6.2/../../../../arm-none-eabi/lib/armv7-m\libg.a(lib_a-callocr.o)
                0x08007904                _calloc_r
 .text          0x08007964      0x51c c:/program files (x86)/arm-none-eabi-gcc-4_6/bin/../lib/gcc/arm-none-eabi/4.6.2/../../../../arm-none-eabi/lib/armv7-m\libg.a(lib_a-mallocr.o)
                0x08007964                _malloc_r
 .text          0x08007e80       0x90 c:/program files (x86)/arm-none-eabi-gcc-4_6/bin/../lib/gcc/arm-none-eabi/4.6.2/../../../../arm-none-eabi/lib/armv7-m\libg.a(lib_a-memset.o)
                0x08007e80                memset
 .text          0x08007f10        0x8 c:/program files (x86)/arm-none-eabi-gcc-4_6/bin/../lib/gcc/arm-none-eabi/4.6.2/../../../../arm-none-eabi/lib/armv7-m\libg.a(lib_a-mlock.o)
                0x08007f10                __malloc_lock
                0x08007f14                __malloc_unlock
 .text          0x08007f18       0x24 c:/program files (x86)/arm-none-eabi-gcc-4_6/bin/../lib/gcc/arm-none-eabi/4.6.2/../../../../arm-none-eabi/lib/armv7-m\libg.a(lib_a-sbrkr.o)
                0x08007f18                _sbrk_r
 .text          0x08007f3c      0x22c c:/program files (x86)/arm-none-eabi-gcc-4_6/bin/../lib/gcc/arm-none-eabi/4.6.2/../../../../arm-none-eabi/lib/armv7-m\libg.a(lib_a-freer.o)
                0x08007f3c                _malloc_trim_r
                0x08007fdc                _free_r
 .text          0x08008168       0x40 c:/program files (x86)/arm-none-eabi-gcc-4_6/bin/../lib/gcc/arm-none-eabi/4.6.2/armv7-m\libgcc.a(_arm_fixunsdfsi.o)
                0x08008168                __aeabi_d2uiz
                0x08008168                __fixunsdfsi
 *(.init)
 *(.fini)
 *crtbegin.o(.ctors)
 *crtbegin?.o(.ctors)
 *(EXCLUDE_FILE(*crtend.o *crtend?.o) .ctors)
 *(SORT(.ctors.*))
 *(.ctors)
 *crtbegin.o(.dtors)
 *crtbegin?.o(.dtors)
 *(EXCLUDE_FILE(*crtend.o *crtend?.o) .dtors)
 *(SORT(.dtors.*))
 *(.dtors)
 *(.rodata*)
 .rodata        0x080081a8       0x34 ..\obj\main.o
                0x080081a8                keliling_roda
 .rodata        0x080081dc      0x188 c:/program files (x86)/arm-none-eabi-gcc-4_6/bin/../lib/gcc/arm-none-eabi/4.6.2/../../../../arm-none-eabi/lib/armv7-m\libm.a(lib_a-e_rem_pio2.o)
 *fill*         0x08008364        0x4 00
 .rodata        0x08008368       0x50 c:/program files (x86)/arm-none-eabi-gcc-4_6/bin/../lib/gcc/arm-none-eabi/4.6.2/../../../../arm-none-eabi/lib/armv7-m\libm.a(lib_a-k_rem_pio2.o)
 .rodata        0x080083b8       0x28 c:/program files (x86)/arm-none-eabi-gcc-4_6/bin/../lib/gcc/arm-none-eabi/4.6.2/../../../../arm-none-eabi/lib/armv7-m\libg.a(lib_a-strtod.o)
 .rodata.str1.4
                0x080083e0        0xf c:/program files (x86)/arm-none-eabi-gcc-4_6/bin/../lib/gcc/arm-none-eabi/4.6.2/../../../../arm-none-eabi/lib/armv7-m\libg.a(lib_a-strtod.o)
                                 0x10 (size before relaxing)
 *fill*         0x080083ef        0x1 00
 .rodata        0x080083f0      0x104 c:/program files (x86)/arm-none-eabi-gcc-4_6/bin/../lib/gcc/arm-none-eabi/4.6.2/../../../../arm-none-eabi/lib/armv7-m\libg.a(lib_a-ctype_.o)
                0x080083f0                _ctype_
 .rodata.str1.4
                0x080084f4       0x1b c:/program files (x86)/arm-none-eabi-gcc-4_6/bin/../lib/gcc/arm-none-eabi/4.6.2/../../../../arm-none-eabi/lib/armv7-m\libg.a(lib_a-gdtoa-gethex.o)
                                 0x1c (size before relaxing)
 *fill*         0x0800850f        0x1 00
 .rodata.str1.4
                0x08008510       0x14 c:/program files (x86)/arm-none-eabi-gcc-4_6/bin/../lib/gcc/arm-none-eabi/4.6.2/../../../../arm-none-eabi/lib/armv7-m\libg.a(lib_a-locale.o)
 *fill*         0x08008524        0x4 00
 .rodata        0x08008528      0x128 c:/program files (x86)/arm-none-eabi-gcc-4_6/bin/../lib/gcc/arm-none-eabi/4.6.2/../../../../arm-none-eabi/lib/armv7-m\libg.a(lib_a-mprec.o)
                0x08008538                __mprec_tens
                0x08008600                __mprec_tinytens
                0x08008628                __mprec_bigtens
 *(.eh_fram e*)

.glue_7         0x08008650        0x0
 .glue_7        0x00000000        0x0 linker stubs

.glue_7t        0x08008650        0x0
 .glue_7t       0x00000000        0x0 linker stubs

.vfp11_veneer   0x08008650        0x0
 .vfp11_veneer  0x00000000        0x0 linker stubs

.v4_bx          0x08008650        0x0
 .v4_bx         0x00000000        0x0 linker stubs

.ARM.extab
 *(.ARM.extab* .gnu.linkonce.armextab.*)
                0x08008650                __exidx_start = .

.ARM.exidx
 *(.ARM.exidx* .gnu.linkonce.armexidx.*)
                0x08008650                __exidx_end = .
                0x08008650                __etext = .
                0x08008650                _sidata = __etext

.data           0x20000000      0x904 load address 0x08008650
                0x20000000                __data_start__ = .
                0x20000000                _sdata = __data_start__
 *(vtable)
 *(.data*)
 .data          0x20000000        0x4 ..\obj\main.o
                0x20000000                arah
 *fill*         0x20000004        0x4 00
 .data          0x20000008      0x430 ..\obj\printf.o
                0x20000008                r
                0x20000430                _impure_ptr
 .data          0x20000438       0x14 ..\obj\stm32f10x_rcc.o
 .data          0x2000044c       0x28 c:/program files (x86)/arm-none-eabi-gcc-4_6/bin/../lib/gcc/arm-none-eabi/4.6.2/../../../../arm-none-eabi/lib/armv7-m\libg.a(lib_a-strtod.o)
 .data          0x20000474        0x4 c:/program files (x86)/arm-none-eabi-gcc-4_6/bin/../lib/gcc/arm-none-eabi/4.6.2/../../../../arm-none-eabi/lib/armv7-m\libg.a(lib_a-ctype_.o)
                0x20000474                __ctype_ptr__
 .data          0x20000478       0x7c c:/program files (x86)/arm-none-eabi-gcc-4_6/bin/../lib/gcc/arm-none-eabi/4.6.2/../../../../arm-none-eabi/lib/armv7-m\libg.a(lib_a-locale.o)
                0x20000498                __mb_cur_max
 .data          0x200004f4      0x410 c:/program files (x86)/arm-none-eabi-gcc-4_6/bin/../lib/gcc/arm-none-eabi/4.6.2/../../../../arm-none-eabi/lib/armv7-m\libg.a(lib_a-mallocr.o)
                0x200004f4                __malloc_av_
                0x200008fc                __malloc_sbrk_base
                0x20000900                __malloc_trim_threshold
                0x20000904                . = ALIGN (0x4)
                0x20000904                PROVIDE (__preinit_array_start, .)
 *(.preinit_array)
                0x20000904                PROVIDE (__preinit_array_end, .)
                0x20000904                . = ALIGN (0x4)
                0x20000904                PROVIDE (__init_array_start, .)
 *(SORT(.init_array.*))
 *(.init_array)
                0x20000904                PROVIDE (__init_array_end, .)
                0x20000904                . = ALIGN (0x4)
                0x20000904                PROVIDE (__fini_array_start, .)
 *(SORT(.fini_array.*))
 *(.fini_array)
                0x20000904                PROVIDE (__fini_array_end, .)
 *(.jcr*)
                0x20000904                . = ALIGN (0x4)
                0x20000904                __data_end__ = .
                0x20000904                _edata = __data_end__

.bss            0x20000904      0x334 load address 0x08008f54
                0x20000904                . = ALIGN (0x4)
                0x20000904                __bss_start__ = .
                0x20000904                _sbss = __bss_start__
 *(.bss*)
 .bss           0x20000904        0x2 ..\obj\main.o
 *fill*         0x20000906        0x2 00
 .bss           0x20000908        0x4 ..\obj\syscalls.o
 .bss           0x2000090c       0x34 c:/program files (x86)/arm-none-eabi-gcc-4_6/bin/../lib/gcc/arm-none-eabi/4.6.2/../../../../arm-none-eabi/lib/armv7-m\libg.a(lib_a-mallocr.o)
                0x2000090c                __malloc_top_pad
                0x20000910                __malloc_current_mallinfo
                0x20000938                __malloc_max_sbrked_mem
                0x2000093c                __malloc_max_total_mem
 *(COMMON)
 COMMON         0x20000940      0x1f4 ..\obj\main.o
                0x20000940                Kalib_R
                0x20000944                ENCODER_Y
                0x20000948                Kalib_B
                0x2000094c                Pbutton
                0x20000950                ToArdu
                0x20000954                Temp
                0x20000958                Encoder_Y_Sin
                0x2000095c                Sudut
                0x20000960                Received_MASTER
                0x200009f8                Sudut1
                0x200009fc                Received_ARDUINO
                0x20000a30                Kalib_L
                0x20000a34                Encoder_Y_Cos
                0x20000a38                GYRO
                0x20000a3c                KOY
                0x20000a40                ArduST
                0x20000a44                KOX
                0x20000a48                HMC8553L
                0x20000a4c                ENCODER_X
                0x20000a50                str1
                0x20000a84                GYRO_SAVE
                0x20000a88                Encoder_X_Cos
                0x20000a8c                data
                0x20000a90                HMC_SAVE
                0x20000a94                str2
                0x20000b2c                Encoder_X_Sin
                0x20000b30                Temp1
 COMMON         0x20000b34      0x100 c:/program files (x86)/arm-none-eabi-gcc-4_6/bin/../lib/gcc/arm-none-eabi/4.6.2/../../../../arm-none-eabi/lib/armv7-m\libg.a(lib_a-gdtoa-gethex.o)
                0x20000b34                __hexdig
 COMMON         0x20000c34        0x4 c:/program files (x86)/arm-none-eabi-gcc-4_6/bin/../lib/gcc/arm-none-eabi/4.6.2/../../../../arm-none-eabi/lib/armv7-m\libg.a(lib_a-reent.o)
                0x20000c34                errno
                0x20000c38                . = ALIGN (0x4)
                0x20000c38                __bss_end__ = .
                0x20000c38                _ebss = __bss_end__

.heap           0x20000c38        0x0
                0x20000c38                __end__ = .
                0x20000c38                _end = __end__
                0x20000c38                end = __end__
 *(.heap*)
                0x20000c38                __HeapLimit = .

.co_stack       0x20000c38      0x400 load address 0x08009288
                0x20000c38                . = ALIGN (0x8)
 *(.co_stack .co_stack.*)
 .co_stack      0x20000c38      0x400 ..\obj\startup_stm32f10x_md.o
                0x20000c38                pulStack
                0x20005000                __StackTop = (ORIGIN (ram) + 0x5000)
                0x20004c00                __StackLimit = (__StackTop - SIZEOF (.co_stack))
                0x20005000                PROVIDE (__stack, __StackTop)
                0x00000001                ASSERT ((__StackLimit >= __HeapLimit), region ram  overflowed with stack)
LOAD ..\obj\delay.o
LOAD ..\obj\stm32f10x_tim.o
LOAD ..\obj\system_stm32f10x.o
LOAD ..\obj\startup_stm32f10x_md.o
LOAD ..\obj\stm32f10x_gpio.o
LOAD ..\obj\main.o
LOAD ..\obj\printf.o
LOAD ..\obj\stm32f10x_rcc.o
LOAD ..\obj\stm32f10x_exti.o
LOAD ..\obj\stm32f10x_adc.o
LOAD ..\obj\stm32f10x_usart.o
LOAD ..\obj\syscalls.o
LOAD ..\obj\misc.o
LOAD c:/program files (x86)/arm-none-eabi-gcc-4_6/bin/../lib/gcc/arm-none-eabi/4.6.2/../../../../arm-none-eabi/lib/armv7-m\libm.a
START GROUP
LOAD c:/program files (x86)/arm-none-eabi-gcc-4_6/bin/../lib/gcc/arm-none-eabi/4.6.2/armv7-m\libgcc.a
LOAD c:/program files (x86)/arm-none-eabi-gcc-4_6/bin/../lib/gcc/arm-none-eabi/4.6.2/../../../../arm-none-eabi/lib/armv7-m\libg.a
LOAD c:/program files (x86)/arm-none-eabi-gcc-4_6/bin/../lib/gcc/arm-none-eabi/4.6.2/../../../../arm-none-eabi/lib/armv7-m\libc.a
END GROUP
OUTPUT(SLAVE_KRSBI103.elf elf32-littlearm)

.debug_info     0x00000000     0x7575
 .debug_info    0x00000000       0xb5 ..\obj\delay.o
 .debug_info    0x000000b5     0x1e23 ..\obj\stm32f10x_tim.o
 .debug_info    0x00001ed8      0x4df ..\obj\system_stm32f10x.o
 .debug_info    0x000023b7      0x143 ..\obj\startup_stm32f10x_md.o
 .debug_info    0x000024fa      0x72e ..\obj\stm32f10x_gpio.o
 .debug_info    0x00002c28      0xd0b ..\obj\main.o
 .debug_info    0x00003933      0xf66 ..\obj\printf.o
 .debug_info    0x00004899      0x90c ..\obj\stm32f10x_rcc.o
 .debug_info    0x000051a5      0x36c ..\obj\stm32f10x_exti.o
 .debug_info    0x00005511      0xc19 ..\obj\stm32f10x_adc.o
 .debug_info    0x0000612a      0xa77 ..\obj\stm32f10x_usart.o
 .debug_info    0x00006ba1      0x440 ..\obj\syscalls.o
 .debug_info    0x00006fe1      0x594 ..\obj\misc.o

.debug_abbrev   0x00000000     0x11b7
 .debug_abbrev  0x00000000       0x69 ..\obj\delay.o
 .debug_abbrev  0x00000069      0x172 ..\obj\stm32f10x_tim.o
 .debug_abbrev  0x000001db      0x153 ..\obj\system_stm32f10x.o
 .debug_abbrev  0x0000032e       0xa3 ..\obj\startup_stm32f10x_md.o
 .debug_abbrev  0x000003d1      0x1a4 ..\obj\stm32f10x_gpio.o
 .debug_abbrev  0x00000575      0x235 ..\obj\main.o
 .debug_abbrev  0x000007aa      0x25f ..\obj\printf.o
 .debug_abbrev  0x00000a09      0x191 ..\obj\stm32f10x_rcc.o
 .debug_abbrev  0x00000b9a      0x14a ..\obj\stm32f10x_exti.o
 .debug_abbrev  0x00000ce4      0x174 ..\obj\stm32f10x_adc.o
 .debug_abbrev  0x00000e58      0x15b ..\obj\stm32f10x_usart.o
 .debug_abbrev  0x00000fb3       0xde ..\obj\syscalls.o
 .debug_abbrev  0x00001091      0x126 ..\obj\misc.o

.debug_loc      0x00000000     0x399c
 .debug_loc     0x00000000       0x70 ..\obj\delay.o
 .debug_loc     0x00000070     0x13e8 ..\obj\stm32f10x_tim.o
 .debug_loc     0x00001458       0xc8 ..\obj\system_stm32f10x.o
 .debug_loc     0x00001520       0x64 ..\obj\startup_stm32f10x_md.o
 .debug_loc     0x00001584      0x3e4 ..\obj\stm32f10x_gpio.o
 .debug_loc     0x00001968      0x28a ..\obj\main.o
 .debug_loc     0x00001bf2      0x3ea ..\obj\printf.o
 .debug_loc     0x00001fdc      0x6dc ..\obj\stm32f10x_rcc.o
 .debug_loc     0x000026b8      0x1b4 ..\obj\stm32f10x_exti.o
 .debug_loc     0x0000286c      0x7d4 ..\obj\stm32f10x_adc.o
 .debug_loc     0x00003040      0x658 ..\obj\stm32f10x_usart.o
 .debug_loc     0x00003698      0x1ec ..\obj\syscalls.o
 .debug_loc     0x00003884      0x118 ..\obj\misc.o

.debug_aranges  0x00000000      0x980
 .debug_aranges
                0x00000000       0x28 ..\obj\delay.o
 .debug_aranges
                0x00000028      0x2f0 ..\obj\stm32f10x_tim.o
 .debug_aranges
                0x00000318       0x38 ..\obj\system_stm32f10x.o
 .debug_aranges
                0x00000350       0x28 ..\obj\startup_stm32f10x_md.o
 .debug_aranges
                0x00000378       0xa8 ..\obj\stm32f10x_gpio.o
 .debug_aranges
                0x00000420       0x78 ..\obj\main.o
 .debug_aranges
                0x00000498       0xa0 ..\obj\printf.o
 .debug_aranges
                0x00000538      0x118 ..\obj\stm32f10x_rcc.o
 .debug_aranges
                0x00000650       0x58 ..\obj\stm32f10x_exti.o
 .debug_aranges
                0x000006a8      0x138 ..\obj\stm32f10x_adc.o
 .debug_aranges
                0x000007e0      0x100 ..\obj\stm32f10x_usart.o
 .debug_aranges
                0x000008e0       0x60 ..\obj\syscalls.o
 .debug_aranges
                0x00000940       0x40 ..\obj\misc.o

.debug_ranges   0x00000000      0x8b0
 .debug_ranges  0x00000000       0x18 ..\obj\delay.o
 .debug_ranges  0x00000018      0x2e0 ..\obj\stm32f10x_tim.o
 .debug_ranges  0x000002f8       0x28 ..\obj\system_stm32f10x.o
 .debug_ranges  0x00000320       0x18 ..\obj\startup_stm32f10x_md.o
 .debug_ranges  0x00000338       0x98 ..\obj\stm32f10x_gpio.o
 .debug_ranges  0x000003d0       0x68 ..\obj\main.o
 .debug_ranges  0x00000438       0x90 ..\obj\printf.o
 .debug_ranges  0x000004c8      0x108 ..\obj\stm32f10x_rcc.o
 .debug_ranges  0x000005d0       0x48 ..\obj\stm32f10x_exti.o
 .debug_ranges  0x00000618      0x128 ..\obj\stm32f10x_adc.o
 .debug_ranges  0x00000740       0xf0 ..\obj\stm32f10x_usart.o
 .debug_ranges  0x00000830       0x50 ..\obj\syscalls.o
 .debug_ranges  0x00000880       0x30 ..\obj\misc.o

.debug_line     0x00000000     0x2d88
 .debug_line    0x00000000       0x87 ..\obj\delay.o
 .debug_line    0x00000087      0xa56 ..\obj\stm32f10x_tim.o
 .debug_line    0x00000add      0x223 ..\obj\system_stm32f10x.o
 .debug_line    0x00000d00       0xa6 ..\obj\startup_stm32f10x_md.o
 .debug_line    0x00000da6      0x370 ..\obj\stm32f10x_gpio.o
 .debug_line    0x00001116      0x4d3 ..\obj\main.o
 .debug_line    0x000015e9      0x3db ..\obj\printf.o
 .debug_line    0x000019c4      0x47e ..\obj\stm32f10x_rcc.o
 .debug_line    0x00001e42      0x265 ..\obj\stm32f10x_exti.o
 .debug_line    0x000020a7      0x4e4 ..\obj\stm32f10x_adc.o
 .debug_line    0x0000258b      0x45c ..\obj\stm32f10x_usart.o
 .debug_line    0x000029e7      0x19c ..\obj\syscalls.o
 .debug_line    0x00002b83      0x205 ..\obj\misc.o

.debug_str      0x00000000     0x2f37
 .debug_str     0x00000000       0x83 ..\obj\delay.o
                                 0x90 (size before relaxing)
 .debug_str     0x00000083      0xc91 ..\obj\stm32f10x_tim.o
                                0xd83 (size before relaxing)
 .debug_str     0x00000d14      0x176 ..\obj\system_stm32f10x.o
                                0x295 (size before relaxing)
 .debug_str     0x00000e8a       0xb4 ..\obj\startup_stm32f10x_md.o
                                0x11c (size before relaxing)
 .debug_str     0x00000f3e      0x382 ..\obj\stm32f10x_gpio.o
                                0x4bf (size before relaxing)
 .debug_str     0x000012c0      0x771 ..\obj\main.o
                                0xa23 (size before relaxing)
 .debug_str     0x00001a31      0x4b3 ..\obj\printf.o
                                0x627 (size before relaxing)
 .debug_str     0x00001ee4      0x3ec ..\obj\stm32f10x_rcc.o
                                0x5c0 (size before relaxing)
 .debug_str     0x000022d0       0xf9 ..\obj\stm32f10x_exti.o
                                0x304 (size before relaxing)
 .debug_str     0x000023c9      0x537 ..\obj\stm32f10x_adc.o
                                0x6a1 (size before relaxing)
 .debug_str     0x00002900      0x3a6 ..\obj\stm32f10x_usart.o
                                0x636 (size before relaxing)
 .debug_str     0x00002ca6      0x14b ..\obj\syscalls.o
                                0x29f (size before relaxing)
 .debug_str     0x00002df1      0x146 ..\obj\misc.o
                                0x36f (size before relaxing)

.comment        0x00000000       0x70
 .comment       0x00000000       0x70 ..\obj\delay.o
                                 0x71 (size before relaxing)
 .comment       0x00000000       0x71 ..\obj\stm32f10x_tim.o
 .comment       0x00000000       0x71 ..\obj\system_stm32f10x.o
 .comment       0x00000000       0x71 ..\obj\startup_stm32f10x_md.o
 .comment       0x00000000       0x71 ..\obj\stm32f10x_gpio.o
 .comment       0x00000000       0x71 ..\obj\main.o
 .comment       0x00000000       0x71 ..\obj\printf.o
 .comment       0x00000000       0x71 ..\obj\stm32f10x_rcc.o
 .comment       0x00000000       0x71 ..\obj\stm32f10x_exti.o
 .comment       0x00000000       0x71 ..\obj\stm32f10x_adc.o
 .comment       0x00000000       0x71 ..\obj\stm32f10x_usart.o
 .comment       0x00000000       0x71 ..\obj\syscalls.o
 .comment       0x00000000       0x71 ..\obj\misc.o

.ARM.attributes
                0x00000000       0x33
 .ARM.attributes
                0x00000000       0x33 ..\obj\delay.o
 .ARM.attributes
                0x00000033       0x33 ..\obj\stm32f10x_tim.o
 .ARM.attributes
                0x00000066       0x33 ..\obj\system_stm32f10x.o
 .ARM.attributes
                0x00000099       0x33 ..\obj\startup_stm32f10x_md.o
 .ARM.attributes
                0x000000cc       0x33 ..\obj\stm32f10x_gpio.o
 .ARM.attributes
                0x000000ff       0x33 ..\obj\main.o
 .ARM.attributes
                0x00000132       0x33 ..\obj\printf.o
 .ARM.attributes
                0x00000165       0x33 ..\obj\stm32f10x_rcc.o
 .ARM.attributes
                0x00000198       0x33 ..\obj\stm32f10x_exti.o
 .ARM.attributes
                0x000001cb       0x33 ..\obj\stm32f10x_adc.o
 .ARM.attributes
                0x000001fe       0x33 ..\obj\stm32f10x_usart.o
 .ARM.attributes
                0x00000231       0x33 ..\obj\syscalls.o
 .ARM.attributes
                0x00000264       0x33 ..\obj\misc.o
 .ARM.attributes
                0x00000297       0x2d c:/program files (x86)/arm-none-eabi-gcc-4_6/bin/../lib/gcc/arm-none-eabi/4.6.2/../../../../arm-none-eabi/lib/armv7-m\libm.a(lib_a-s_cos.o)
 .ARM.attributes
                0x000002c4       0x2d c:/program files (x86)/arm-none-eabi-gcc-4_6/bin/../lib/gcc/arm-none-eabi/4.6.2/../../../../arm-none-eabi/lib/armv7-m\libm.a(lib_a-s_sin.o)
 .ARM.attributes
                0x000002f1       0x2d c:/program files (x86)/arm-none-eabi-gcc-4_6/bin/../lib/gcc/arm-none-eabi/4.6.2/../../../../arm-none-eabi/lib/armv7-m\libm.a(lib_a-e_rem_pio2.o)
 .ARM.attributes
                0x0000031e       0x2d c:/program files (x86)/arm-none-eabi-gcc-4_6/bin/../lib/gcc/arm-none-eabi/4.6.2/../../../../arm-none-eabi/lib/armv7-m\libm.a(lib_a-k_cos.o)
 .ARM.attributes
                0x0000034b       0x2d c:/program files (x86)/arm-none-eabi-gcc-4_6/bin/../lib/gcc/arm-none-eabi/4.6.2/../../../../arm-none-eabi/lib/armv7-m\libm.a(lib_a-k_rem_pio2.o)
 .ARM.attributes
                0x00000378       0x2d c:/program files (x86)/arm-none-eabi-gcc-4_6/bin/../lib/gcc/arm-none-eabi/4.6.2/../../../../arm-none-eabi/lib/armv7-m\libm.a(lib_a-k_sin.o)
 .ARM.attributes
                0x000003a5       0x2d c:/program files (x86)/arm-none-eabi-gcc-4_6/bin/../lib/gcc/arm-none-eabi/4.6.2/../../../../arm-none-eabi/lib/armv7-m\libm.a(lib_a-s_fabs.o)
 .ARM.attributes
                0x000003d2       0x2d c:/program files (x86)/arm-none-eabi-gcc-4_6/bin/../lib/gcc/arm-none-eabi/4.6.2/../../../../arm-none-eabi/lib/armv7-m\libm.a(lib_a-s_floor.o)
 .ARM.attributes
                0x000003ff       0x2d c:/program files (x86)/arm-none-eabi-gcc-4_6/bin/../lib/gcc/arm-none-eabi/4.6.2/../../../../arm-none-eabi/lib/armv7-m\libm.a(lib_a-s_scalbn.o)
 .ARM.attributes
                0x0000042c       0x2d c:/program files (x86)/arm-none-eabi-gcc-4_6/bin/../lib/gcc/arm-none-eabi/4.6.2/../../../../arm-none-eabi/lib/armv7-m\libm.a(lib_a-s_copysign.o)
 .ARM.attributes
                0x00000459       0x1d c:/program files (x86)/arm-none-eabi-gcc-4_6/bin/../lib/gcc/arm-none-eabi/4.6.2/armv7-m\libgcc.a(_arm_addsubdf3.o)
 .ARM.attributes
                0x00000476       0x1d c:/program files (x86)/arm-none-eabi-gcc-4_6/bin/../lib/gcc/arm-none-eabi/4.6.2/armv7-m\libgcc.a(_arm_muldivdf3.o)
 .ARM.attributes
                0x00000493       0x1d c:/program files (x86)/arm-none-eabi-gcc-4_6/bin/../lib/gcc/arm-none-eabi/4.6.2/armv7-m\libgcc.a(_arm_cmpdf2.o)
 .ARM.attributes
                0x000004b0       0x1d c:/program files (x86)/arm-none-eabi-gcc-4_6/bin/../lib/gcc/arm-none-eabi/4.6.2/armv7-m\libgcc.a(_arm_fixdfsi.o)
 .ARM.attributes
                0x000004cd       0x1d c:/program files (x86)/arm-none-eabi-gcc-4_6/bin/../lib/gcc/arm-none-eabi/4.6.2/armv7-m\libgcc.a(_arm_truncdfsf2.o)
 .ARM.attributes
                0x000004ea       0x1d c:/program files (x86)/arm-none-eabi-gcc-4_6/bin/../lib/gcc/arm-none-eabi/4.6.2/armv7-m\libgcc.a(_arm_addsubsf3.o)
 .ARM.attributes
                0x00000507       0x1d c:/program files (x86)/arm-none-eabi-gcc-4_6/bin/../lib/gcc/arm-none-eabi/4.6.2/armv7-m\libgcc.a(_arm_muldivsf3.o)
 .ARM.attributes
                0x00000524       0x1d c:/program files (x86)/arm-none-eabi-gcc-4_6/bin/../lib/gcc/arm-none-eabi/4.6.2/armv7-m\libgcc.a(_arm_cmpsf2.o)
 .ARM.attributes
                0x00000541       0x1d c:/program files (x86)/arm-none-eabi-gcc-4_6/bin/../lib/gcc/arm-none-eabi/4.6.2/armv7-m\libgcc.a(_arm_fixsfsi.o)
 .ARM.attributes
                0x0000055e       0x1d c:/program files (x86)/arm-none-eabi-gcc-4_6/bin/../lib/gcc/arm-none-eabi/4.6.2/armv7-m\libgcc.a(_arm_fixunssfsi.o)
 .ARM.attributes
                0x0000057b       0x2d c:/program files (x86)/arm-none-eabi-gcc-4_6/bin/../lib/gcc/arm-none-eabi/4.6.2/../../../../arm-none-eabi/lib/armv7-m\libg.a(lib_a-atof.o)
 .ARM.attributes
                0x000005a8       0x2d c:/program files (x86)/arm-none-eabi-gcc-4_6/bin/../lib/gcc/arm-none-eabi/4.6.2/../../../../arm-none-eabi/lib/armv7-m\libg.a(lib_a-atoi.o)
 .ARM.attributes
                0x000005d5       0x2d c:/program files (x86)/arm-none-eabi-gcc-4_6/bin/../lib/gcc/arm-none-eabi/4.6.2/../../../../arm-none-eabi/lib/armv7-m\libg.a(lib_a-strcpy.o)
 .ARM.attributes
                0x00000602       0x2d c:/program files (x86)/arm-none-eabi-gcc-4_6/bin/../lib/gcc/arm-none-eabi/4.6.2/../../../../arm-none-eabi/lib/armv7-m\libg.a(lib_a-strtod.o)
 .ARM.attributes
                0x0000062f       0x2d c:/program files (x86)/arm-none-eabi-gcc-4_6/bin/../lib/gcc/arm-none-eabi/4.6.2/../../../../arm-none-eabi/lib/armv7-m\libg.a(lib_a-strtok.o)
 .ARM.attributes
                0x0000065c       0x2d c:/program files (x86)/arm-none-eabi-gcc-4_6/bin/../lib/gcc/arm-none-eabi/4.6.2/../../../../arm-none-eabi/lib/armv7-m\libg.a(lib_a-strtok_r.o)
 .ARM.attributes
                0x00000689       0x2d c:/program files (x86)/arm-none-eabi-gcc-4_6/bin/../lib/gcc/arm-none-eabi/4.6.2/../../../../arm-none-eabi/lib/armv7-m\libg.a(lib_a-strtol.o)
 .ARM.attributes
                0x000006b6       0x2d c:/program files (x86)/arm-none-eabi-gcc-4_6/bin/../lib/gcc/arm-none-eabi/4.6.2/../../../../arm-none-eabi/lib/armv7-m\libg.a(lib_a-ctype_.o)
 .ARM.attributes
                0x000006e3       0x2d c:/program files (x86)/arm-none-eabi-gcc-4_6/bin/../lib/gcc/arm-none-eabi/4.6.2/../../../../arm-none-eabi/lib/armv7-m\libg.a(lib_a-gdtoa-gethex.o)
 .ARM.attributes
                0x00000710       0x2d c:/program files (x86)/arm-none-eabi-gcc-4_6/bin/../lib/gcc/arm-none-eabi/4.6.2/../../../../arm-none-eabi/lib/armv7-m\libg.a(lib_a-gdtoa-hexnan.o)
 .ARM.attributes
                0x0000073d       0x2d c:/program files (x86)/arm-none-eabi-gcc-4_6/bin/../lib/gcc/arm-none-eabi/4.6.2/../../../../arm-none-eabi/lib/armv7-m\libg.a(lib_a-locale.o)
 .ARM.attributes
                0x0000076a       0x2d c:/program files (x86)/arm-none-eabi-gcc-4_6/bin/../lib/gcc/arm-none-eabi/4.6.2/../../../../arm-none-eabi/lib/armv7-m\libg.a(lib_a-memcpy.o)
 .ARM.attributes
                0x00000797       0x2d c:/program files (x86)/arm-none-eabi-gcc-4_6/bin/../lib/gcc/arm-none-eabi/4.6.2/../../../../arm-none-eabi/lib/armv7-m\libg.a(lib_a-mprec.o)
 .ARM.attributes
                0x000007c4       0x2d c:/program files (x86)/arm-none-eabi-gcc-4_6/bin/../lib/gcc/arm-none-eabi/4.6.2/../../../../arm-none-eabi/lib/armv7-m\libg.a(lib_a-s_fpclassify.o)
 .ARM.attributes
                0x000007f1       0x2d c:/program files (x86)/arm-none-eabi-gcc-4_6/bin/../lib/gcc/arm-none-eabi/4.6.2/../../../../arm-none-eabi/lib/armv7-m\libg.a(lib_a-sf_nan.o)
 .ARM.attributes
                0x0000081e       0x2d c:/program files (x86)/arm-none-eabi-gcc-4_6/bin/../lib/gcc/arm-none-eabi/4.6.2/../../../../arm-none-eabi/lib/armv7-m\libg.a(lib_a-strcmp.o)
 .ARM.attributes
                0x0000084b       0x2d c:/program files (x86)/arm-none-eabi-gcc-4_6/bin/../lib/gcc/arm-none-eabi/4.6.2/../../../../arm-none-eabi/lib/armv7-m\libg.a(lib_a-strlen.o)
 .ARM.attributes
                0x00000878       0x2d c:/program files (x86)/arm-none-eabi-gcc-4_6/bin/../lib/gcc/arm-none-eabi/4.6.2/../../../../arm-none-eabi/lib/armv7-m\libg.a(lib_a-strncmp.o)
 .ARM.attributes
                0x000008a5       0x2d c:/program files (x86)/arm-none-eabi-gcc-4_6/bin/../lib/gcc/arm-none-eabi/4.6.2/../../../../arm-none-eabi/lib/armv7-m\libg.a(lib_a-callocr.o)
 .ARM.attributes
                0x000008d2       0x2d c:/program files (x86)/arm-none-eabi-gcc-4_6/bin/../lib/gcc/arm-none-eabi/4.6.2/../../../../arm-none-eabi/lib/armv7-m\libg.a(lib_a-mallocr.o)
 .ARM.attributes
                0x000008ff       0x2d c:/program files (x86)/arm-none-eabi-gcc-4_6/bin/../lib/gcc/arm-none-eabi/4.6.2/../../../../arm-none-eabi/lib/armv7-m\libg.a(lib_a-memset.o)
 .ARM.attributes
                0x0000092c       0x2d c:/program files (x86)/arm-none-eabi-gcc-4_6/bin/../lib/gcc/arm-none-eabi/4.6.2/../../../../arm-none-eabi/lib/armv7-m\libg.a(lib_a-mlock.o)
 .ARM.attributes
                0x00000959       0x2d c:/program files (x86)/arm-none-eabi-gcc-4_6/bin/../lib/gcc/arm-none-eabi/4.6.2/../../../../arm-none-eabi/lib/armv7-m\libg.a(lib_a-sbrkr.o)
 .ARM.attributes
                0x00000986       0x2d c:/program files (x86)/arm-none-eabi-gcc-4_6/bin/../lib/gcc/arm-none-eabi/4.6.2/../../../../arm-none-eabi/lib/armv7-m\libg.a(lib_a-freer.o)
 .ARM.attributes
                0x000009b3       0x2d c:/program files (x86)/arm-none-eabi-gcc-4_6/bin/../lib/gcc/arm-none-eabi/4.6.2/../../../../arm-none-eabi/lib/armv7-m\libg.a(lib_a-reent.o)
 .ARM.attributes
                0x000009e0       0x1d c:/program files (x86)/arm-none-eabi-gcc-4_6/bin/../lib/gcc/arm-none-eabi/4.6.2/armv7-m\libgcc.a(_arm_fixunsdfsi.o)

.debug_frame    0x00000000     0x27e0
 .debug_frame   0x00000000       0x4c ..\obj\delay.o
 .debug_frame   0x0000004c      0xa20 ..\obj\stm32f10x_tim.o
 .debug_frame   0x00000a6c       0x80 ..\obj\system_stm32f10x.o
 .debug_frame   0x00000aec       0x48 ..\obj\startup_stm32f10x_md.o
 .debug_frame   0x00000b34      0x210 ..\obj\stm32f10x_gpio.o
 .debug_frame   0x00000d44      0x194 ..\obj\main.o
 .debug_frame   0x00000ed8      0x244 ..\obj\printf.o
 .debug_frame   0x0000111c      0x388 ..\obj\stm32f10x_rcc.o
 .debug_frame   0x000014a4       0xec ..\obj\stm32f10x_exti.o
 .debug_frame   0x00001590      0x400 ..\obj\stm32f10x_adc.o
 .debug_frame   0x00001990      0x344 ..\obj\stm32f10x_usart.o
 .debug_frame   0x00001cd4      0x108 ..\obj\syscalls.o
 .debug_frame   0x00001ddc       0x9c ..\obj\misc.o
 .debug_frame   0x00001e78       0x2c c:/program files (x86)/arm-none-eabi-gcc-4_6/bin/../lib/gcc/arm-none-eabi/4.6.2/../../../../arm-none-eabi/lib/armv7-m\libm.a(lib_a-s_cos.o)
 .debug_frame   0x00001ea4       0x2c c:/program files (x86)/arm-none-eabi-gcc-4_6/bin/../lib/gcc/arm-none-eabi/4.6.2/../../../../arm-none-eabi/lib/armv7-m\libm.a(lib_a-s_sin.o)
 .debug_frame   0x00001ed0       0x38 c:/program files (x86)/arm-none-eabi-gcc-4_6/bin/../lib/gcc/arm-none-eabi/4.6.2/../../../../arm-none-eabi/lib/armv7-m\libm.a(lib_a-e_rem_pio2.o)
 .debug_frame   0x00001f08       0x38 c:/program files (x86)/arm-none-eabi-gcc-4_6/bin/../lib/gcc/arm-none-eabi/4.6.2/../../../../arm-none-eabi/lib/armv7-m\libm.a(lib_a-k_cos.o)
 .debug_frame   0x00001f40       0x3c c:/program files (x86)/arm-none-eabi-gcc-4_6/bin/../lib/gcc/arm-none-eabi/4.6.2/../../../../arm-none-eabi/lib/armv7-m\libm.a(lib_a-k_rem_pio2.o)
 .debug_frame   0x00001f7c       0x38 c:/program files (x86)/arm-none-eabi-gcc-4_6/bin/../lib/gcc/arm-none-eabi/4.6.2/../../../../arm-none-eabi/lib/armv7-m\libm.a(lib_a-k_sin.o)
 .debug_frame   0x00001fb4       0x20 c:/program files (x86)/arm-none-eabi-gcc-4_6/bin/../lib/gcc/arm-none-eabi/4.6.2/../../../../arm-none-eabi/lib/armv7-m\libm.a(lib_a-s_fabs.o)
 .debug_frame   0x00001fd4       0x34 c:/program files (x86)/arm-none-eabi-gcc-4_6/bin/../lib/gcc/arm-none-eabi/4.6.2/../../../../arm-none-eabi/lib/armv7-m\libm.a(lib_a-s_floor.o)
 .debug_frame   0x00002008       0x2c c:/program files (x86)/arm-none-eabi-gcc-4_6/bin/../lib/gcc/arm-none-eabi/4.6.2/../../../../arm-none-eabi/lib/armv7-m\libm.a(lib_a-s_scalbn.o)
 .debug_frame   0x00002034       0x28 c:/program files (x86)/arm-none-eabi-gcc-4_6/bin/../lib/gcc/arm-none-eabi/4.6.2/../../../../arm-none-eabi/lib/armv7-m\libm.a(lib_a-s_copysign.o)
 .debug_frame   0x0000205c       0x20 c:/program files (x86)/arm-none-eabi-gcc-4_6/bin/../lib/gcc/arm-none-eabi/4.6.2/../../../../arm-none-eabi/lib/armv7-m\libg.a(lib_a-atof.o)
 .debug_frame   0x0000207c       0x30 c:/program files (x86)/arm-none-eabi-gcc-4_6/bin/../lib/gcc/arm-none-eabi/4.6.2/../../../../arm-none-eabi/lib/armv7-m\libg.a(lib_a-atoi.o)
 .debug_frame   0x000020ac       0x20 c:/program files (x86)/arm-none-eabi-gcc-4_6/bin/../lib/gcc/arm-none-eabi/4.6.2/../../../../arm-none-eabi/lib/armv7-m\libg.a(lib_a-strcpy.o)
 .debug_frame   0x000020cc       0x80 c:/program files (x86)/arm-none-eabi-gcc-4_6/bin/../lib/gcc/arm-none-eabi/4.6.2/../../../../arm-none-eabi/lib/armv7-m\libg.a(lib_a-strtod.o)
 .debug_frame   0x0000214c       0x20 c:/program files (x86)/arm-none-eabi-gcc-4_6/bin/../lib/gcc/arm-none-eabi/4.6.2/../../../../arm-none-eabi/lib/armv7-m\libg.a(lib_a-strtok.o)
 .debug_frame   0x0000216c       0x3c c:/program files (x86)/arm-none-eabi-gcc-4_6/bin/../lib/gcc/arm-none-eabi/4.6.2/../../../../arm-none-eabi/lib/armv7-m\libg.a(lib_a-strtok_r.o)
 .debug_frame   0x000021a8       0x50 c:/program files (x86)/arm-none-eabi-gcc-4_6/bin/../lib/gcc/arm-none-eabi/4.6.2/../../../../arm-none-eabi/lib/armv7-m\libg.a(lib_a-strtol.o)
 .debug_frame   0x000021f8       0x68 c:/program files (x86)/arm-none-eabi-gcc-4_6/bin/../lib/gcc/arm-none-eabi/4.6.2/../../../../arm-none-eabi/lib/armv7-m\libg.a(lib_a-gdtoa-gethex.o)
 .debug_frame   0x00002260       0x38 c:/program files (x86)/arm-none-eabi-gcc-4_6/bin/../lib/gcc/arm-none-eabi/4.6.2/../../../../arm-none-eabi/lib/armv7-m\libg.a(lib_a-gdtoa-hexnan.o)
 .debug_frame   0x00002298       0x98 c:/program files (x86)/arm-none-eabi-gcc-4_6/bin/../lib/gcc/arm-none-eabi/4.6.2/../../../../arm-none-eabi/lib/armv7-m\libg.a(lib_a-locale.o)
 .debug_frame   0x00002330       0x2c c:/program files (x86)/arm-none-eabi-gcc-4_6/bin/../lib/gcc/arm-none-eabi/4.6.2/../../../../arm-none-eabi/lib/armv7-m\libg.a(lib_a-memcpy.o)
 .debug_frame   0x0000235c      0x228 c:/program files (x86)/arm-none-eabi-gcc-4_6/bin/../lib/gcc/arm-none-eabi/4.6.2/../../../../arm-none-eabi/lib/armv7-m\libg.a(lib_a-mprec.o)
 .debug_frame   0x00002584       0x20 c:/program files (x86)/arm-none-eabi-gcc-4_6/bin/../lib/gcc/arm-none-eabi/4.6.2/../../../../arm-none-eabi/lib/armv7-m\libg.a(lib_a-s_fpclassify.o)
 .debug_frame   0x000025a4       0x20 c:/program files (x86)/arm-none-eabi-gcc-4_6/bin/../lib/gcc/arm-none-eabi/4.6.2/../../../../arm-none-eabi/lib/armv7-m\libg.a(lib_a-sf_nan.o)
 .debug_frame   0x000025c4       0x30 c:/program files (x86)/arm-none-eabi-gcc-4_6/bin/../lib/gcc/arm-none-eabi/4.6.2/../../../../arm-none-eabi/lib/armv7-m\libg.a(lib_a-strcmp.o)
 .debug_frame   0x000025f4       0x20 c:/program files (x86)/arm-none-eabi-gcc-4_6/bin/../lib/gcc/arm-none-eabi/4.6.2/../../../../arm-none-eabi/lib/armv7-m\libg.a(lib_a-strlen.o)
 .debug_frame   0x00002614       0x2c c:/program files (x86)/arm-none-eabi-gcc-4_6/bin/../lib/gcc/arm-none-eabi/4.6.2/../../../../arm-none-eabi/lib/armv7-m\libg.a(lib_a-strncmp.o)
 .debug_frame   0x00002640       0x28 c:/program files (x86)/arm-none-eabi-gcc-4_6/bin/../lib/gcc/arm-none-eabi/4.6.2/../../../../arm-none-eabi/lib/armv7-m\libg.a(lib_a-callocr.o)
 .debug_frame   0x00002668       0x38 c:/program files (x86)/arm-none-eabi-gcc-4_6/bin/../lib/gcc/arm-none-eabi/4.6.2/../../../../arm-none-eabi/lib/armv7-m\libg.a(lib_a-mallocr.o)
 .debug_frame   0x000026a0       0x2c c:/program files (x86)/arm-none-eabi-gcc-4_6/bin/../lib/gcc/arm-none-eabi/4.6.2/../../../../arm-none-eabi/lib/armv7-m\libg.a(lib_a-memset.o)
 .debug_frame   0x000026cc       0x30 c:/program files (x86)/arm-none-eabi-gcc-4_6/bin/../lib/gcc/arm-none-eabi/4.6.2/../../../../arm-none-eabi/lib/armv7-m\libg.a(lib_a-mlock.o)
 .debug_frame   0x000026fc       0x2c c:/program files (x86)/arm-none-eabi-gcc-4_6/bin/../lib/gcc/arm-none-eabi/4.6.2/../../../../arm-none-eabi/lib/armv7-m\libg.a(lib_a-sbrkr.o)
 .debug_frame   0x00002728       0x50 c:/program files (x86)/arm-none-eabi-gcc-4_6/bin/../lib/gcc/arm-none-eabi/4.6.2/../../../../arm-none-eabi/lib/armv7-m\libg.a(lib_a-freer.o)
 .debug_frame   0x00002778       0x68 c:/program files (x86)/arm-none-eabi-gcc-4_6/bin/../lib/gcc/arm-none-eabi/4.6.2/../../../../arm-none-eabi/lib/armv7-m\libg.a(lib_a-reent.o)
